{
	"anno": "executing \".github/dependabot.yaml\"",
	"stck": [
		"--REPLACED--/error_test.go:357"
	]
}
