{
	"anno": "test error one",
	"stck": [
		"--REPLACED--/error_test.go:291"
	]
}
