{
	"anno": "annotation",
	"kind": "testErrorTwo",
	"stck": [
		"--REPLACED--/error_test.go:330"
	]
}
