{
	"kind": "testErrorTwo",
	"stck": [
		"--REPLACED--/error_test.go:298"
	]
}
