[
	"--REPLACED--/error_test.go:551",
	"--REPLACED--/error_test.go:552"
]
