[
	"--REPLACED--/error_test.go:573",
	"--REPLACED--/error_test.go:574"
]
