[
	"--REPLACED--/error_test.go:525",
	"--REPLACED--/error_test.go:526"
]
