[
	"--REPLACED--/error_test.go:562",
	"--REPLACED--/error_test.go:563"
]
