[
	"--REPLACED--/error_test.go:504",
	"--REPLACED--/error_test.go:505"
]
