[
	"--REPLACED--/error_test.go:492",
	"--REPLACED--/error_test.go:493"
]
