{
	"description": "test error one message",
	"trace": [
		"--REPLACED--/json_test.go:73"
	]
}
