{
	"context": [
		{
			"key": "type",
			"val": "*errors.errorString"
		}
	],
	"description": "test error one message"
}
