{
	"context": [
		{
			"key": "annotation",
			"val": "foo bar"
		}
	],
	"description": "test error two description",
	"trace": [
		"--REPLACED--/json_test.go:122"
	]
}
