{
	"context": [
		{
			"key": "type",
			"value": "*errors.errorString"
		}
	],
	"description": "executing \".github/dependabot.yaml\""
}
