{
	"description": "executing \".github/dependabot.yaml\"",
	"trace": [
		"--REPLACED--/json_test.go:166"
	]
}
