{
	"description": "ERROR",
	"trace": [
		"--REPLACED--/json_test.go:225"
	]
}
