{
	"description": "test error two description",
	"trace": [
		"--REPLACED--/json_test.go:82"
	]
}
